// Jest Snapshot v1, https://goo.gl/fbAQLP

exports[`<NotFoundPage /> should render and match the snapshot 1`] = `
<div
  class="Wrapper-tno06a-0 iNsdmO"
>
  <h2>
    <span>
      Page Not Found!
    </span>
  </h2>
</div>
`;
